------------------------------------------------------------
Timing Analyzer Summary
------------------------------------------------------------

Type  : Slow 1100mV 85C Model Setup 'A[1]'
Slack : -4.444
TNS   : -15.314

Type  : Slow 1100mV 85C Model Hold 'A[1]'
Slack : 1.229
TNS   : 0.000

Type  : Slow 1100mV 85C Model Minimum Pulse Width 'A[1]'
Slack : 0.333
TNS   : 0.000

Type  : Slow 1100mV 0C Model Setup 'A[1]'
Slack : -4.309
TNS   : -14.934

Type  : Slow 1100mV 0C Model Hold 'A[1]'
Slack : 1.064
TNS   : 0.000

Type  : Slow 1100mV 0C Model Minimum Pulse Width 'A[1]'
Slack : 0.330
TNS   : 0.000

Type  : Fast 1100mV 85C Model Setup 'A[1]'
Slack : -2.875
TNS   : -9.968

Type  : Fast 1100mV 85C Model Hold 'A[1]'
Slack : 0.844
TNS   : 0.000

Type  : Fast 1100mV 85C Model Minimum Pulse Width 'A[1]'
Slack : 0.053
TNS   : 0.000

Type  : Fast 1100mV 0C Model Setup 'A[1]'
Slack : -2.591
TNS   : -9.030

Type  : Fast 1100mV 0C Model Hold 'A[1]'
Slack : 0.707
TNS   : 0.000

Type  : Fast 1100mV 0C Model Minimum Pulse Width 'A[1]'
Slack : 0.046
TNS   : 0.000

------------------------------------------------------------
