------------------------------------------------------------
Timing Analyzer Summary
------------------------------------------------------------

Type  : Slow 1100mV 85C Model Setup 'clk'
Slack : -2.695
TNS   : -67.688

Type  : Slow 1100mV 85C Model Hold 'clk'
Slack : 0.366
TNS   : 0.000

Type  : Slow 1100mV 85C Model Minimum Pulse Width 'clk'
Slack : -0.394
TNS   : -16.369

Type  : Slow 1100mV 0C Model Setup 'clk'
Slack : -2.600
TNS   : -65.867

Type  : Slow 1100mV 0C Model Hold 'clk'
Slack : 0.369
TNS   : 0.000

Type  : Slow 1100mV 0C Model Minimum Pulse Width 'clk'
Slack : -0.394
TNS   : -17.544

Type  : Fast 1100mV 85C Model Setup 'clk'
Slack : -1.169
TNS   : -26.886

Type  : Fast 1100mV 85C Model Hold 'clk'
Slack : 0.181
TNS   : 0.000

Type  : Fast 1100mV 85C Model Minimum Pulse Width 'clk'
Slack : -0.092
TNS   : -2.751

Type  : Fast 1100mV 0C Model Setup 'clk'
Slack : -0.975
TNS   : -22.182

Type  : Fast 1100mV 0C Model Hold 'clk'
Slack : 0.174
TNS   : 0.000

Type  : Fast 1100mV 0C Model Minimum Pulse Width 'clk'
Slack : -0.090
TNS   : -2.708

------------------------------------------------------------
