Flow report for WrapperDesign
Fri Dec 02 20:51:36 2022
Quartus Prime Version 18.0.0 Build 614 04/24/2018 SJ Lite Edition


---------------------
; Table of Contents ;
---------------------
  1. Legal Notice
  2. Flow Summary
  3. Flow Settings
  4. Flow Non-Default Global Settings
  5. Flow Elapsed Time
  6. Flow OS Summary
  7. Flow Log
  8. Flow Messages
  9. Flow Suppressed Messages



----------------
; Legal Notice ;
----------------
Copyright (C) 2018  Intel Corporation. All rights reserved.
Your use of Intel Corporation's design tools, logic functions 
and other software and tools, and its AMPP partner logic 
functions, and any output files from any of the foregoing 
(including device programming or simulation files), and any 
associated documentation or information are expressly subject 
to the terms and conditions of the Intel Program License 
Subscription Agreement, the Intel Quartus Prime License Agreement,
the Intel FPGA IP License Agreement, or other applicable license
agreement, including, without limitation, that your use is for
the sole purpose of programming logic devices manufactured by
Intel and sold by Intel or its authorized distributors.  Please
refer to the applicable agreement for further details.



+-------------------------------------------------------------------------------+
; Flow Summary                                                                  ;
+---------------------------------+---------------------------------------------+
; Flow Status                     ; Successful - Fri Dec 02 20:51:36 2022       ;
; Quartus Prime Version           ; 18.0.0 Build 614 04/24/2018 SJ Lite Edition ;
; Revision Name                   ; WrapperDesign                               ;
; Top-level Entity Name           ; Antoine_Phan_Wrapper2                       ;
; Family                          ; Cyclone V                                   ;
; Device                          ; 5CSEMA5F31C6                                ;
; Timing Models                   ; Final                                       ;
; Logic utilization (in ALMs)     ; 49 / 32,070 ( < 1 % )                       ;
; Total registers                 ; 70                                          ;
; Total pins                      ; 16 / 457 ( 4 % )                            ;
; Total virtual pins              ; 0                                           ;
; Total block memory bits         ; 0 / 4,065,280 ( 0 % )                       ;
; Total DSP Blocks                ; 0 / 87 ( 0 % )                              ;
; Total HSSI RX PCSs              ; 0                                           ;
; Total HSSI PMA RX Deserializers ; 0                                           ;
; Total HSSI TX PCSs              ; 0                                           ;
; Total HSSI PMA TX Serializers   ; 0                                           ;
; Total PLLs                      ; 0 / 6 ( 0 % )                               ;
; Total DLLs                      ; 0 / 4 ( 0 % )                               ;
+---------------------------------+---------------------------------------------+


+-----------------------------------------+
; Flow Settings                           ;
+-------------------+---------------------+
; Option            ; Setting             ;
+-------------------+---------------------+
; Start date & time ; 12/02/2022 20:50:34 ;
; Main task         ; Compilation         ;
; Revision Name     ; WrapperDesign       ;
+-------------------+---------------------+


+-----------------------------------------------------------------------------------------------------------------------------------------------------------+
; Flow Non-Default Global Settings                                                                                                                          ;
+--------------------------------------+----------------------------------------+---------------+-----------------------+-----------------------------------+
; Assignment Name                      ; Value                                  ; Default Value ; Entity Name           ; Section Id                        ;
+--------------------------------------+----------------------------------------+---------------+-----------------------+-----------------------------------+
; COMPILER_SIGNATURE_ID                ; 256017921607661.167003223403936        ; --            ; --                    ; --                                ;
; EDA_DESIGN_INSTANCE_NAME             ; NA                                     ; --            ; --                    ; Wrapper_Simulation                ;
; EDA_DESIGN_INSTANCE_NAME             ; NA                                     ; --            ; --                    ; JKFF_testbench                    ;
; EDA_DESIGN_INSTANCE_NAME             ; NA                                     ; --            ; --                    ; Sequence_Detector_Testbench       ;
; EDA_DESIGN_INSTANCE_NAME             ; NA                                     ; --            ; --                    ; Wrapper2_Simulation               ;
; EDA_DESIGN_INSTANCE_NAME             ; NA                                     ; --            ; --                    ; Clock_Divider_testbench           ;
; EDA_DESIGN_INSTANCE_NAME             ; NA                                     ; --            ; --                    ; FSM_Testbench                     ;
; EDA_DESIGN_INSTANCE_NAME             ; NA                                     ; --            ; --                    ; Counters_testbench                ;
; EDA_GENERATE_FUNCTIONAL_NETLIST      ; Off                                    ; --            ; --                    ; eda_board_design_timing           ;
; EDA_GENERATE_FUNCTIONAL_NETLIST      ; Off                                    ; --            ; --                    ; eda_board_design_boundary_scan    ;
; EDA_GENERATE_FUNCTIONAL_NETLIST      ; Off                                    ; --            ; --                    ; eda_board_design_signal_integrity ;
; EDA_GENERATE_FUNCTIONAL_NETLIST      ; Off                                    ; --            ; --                    ; eda_board_design_symbol           ;
; EDA_NATIVELINK_SIMULATION_TEST_BENCH ; Wrapper2_Simulation                    ; --            ; --                    ; eda_simulation                    ;
; EDA_OUTPUT_DATA_FORMAT               ; Verilog Hdl                            ; --            ; --                    ; eda_simulation                    ;
; EDA_SIMULATION_TOOL                  ; ModelSim-Altera (Verilog)              ; <None>        ; --                    ; --                                ;
; EDA_TEST_BENCH_ENABLE_STATUS         ; TEST_BENCH_MODE                        ; --            ; --                    ; eda_simulation                    ;
; EDA_TEST_BENCH_FILE                  ; Wrapper_Simulation.vhd                 ; --            ; --                    ; Wrapper_Simulation                ;
; EDA_TEST_BENCH_FILE                  ; JKFF_testbench.vhd                     ; --            ; --                    ; JKFF_testbench                    ;
; EDA_TEST_BENCH_FILE                  ; Sequence_Detector_testbench.vhd        ; --            ; --                    ; Sequence_Detector_Testbench       ;
; EDA_TEST_BENCH_FILE                  ; Wrapper2_Simulation.vhd                ; --            ; --                    ; Wrapper2_Simulation               ;
; EDA_TEST_BENCH_FILE                  ; Clock_Divider_testbench.vhd            ; --            ; --                    ; Clock_Divider_testbench           ;
; EDA_TEST_BENCH_FILE                  ; FSM_testbench.vhd                      ; --            ; --                    ; FSM_Testbench                     ;
; EDA_TEST_BENCH_FILE                  ; Counters_testbench.vhd                 ; --            ; --                    ; Counters_testbench                ;
; EDA_TEST_BENCH_MODULE_NAME           ; Wrapper_Simulation                     ; --            ; --                    ; Wrapper_Simulation                ;
; EDA_TEST_BENCH_MODULE_NAME           ; JKFF_testbench                         ; --            ; --                    ; JKFF_testbench                    ;
; EDA_TEST_BENCH_MODULE_NAME           ; Sequence_Detector_Testbench            ; --            ; --                    ; Sequence_Detector_Testbench       ;
; EDA_TEST_BENCH_MODULE_NAME           ; Wrapper2_Simulation                    ; --            ; --                    ; Wrapper2_Simulation               ;
; EDA_TEST_BENCH_MODULE_NAME           ; Clock_Divider_testbench                ; --            ; --                    ; Clock_Divider_testbench           ;
; EDA_TEST_BENCH_MODULE_NAME           ; FSM_Testbench                          ; --            ; --                    ; FSM_Testbench                     ;
; EDA_TEST_BENCH_MODULE_NAME           ; Counters_testbench                     ; --            ; --                    ; Counters_testbench                ;
; EDA_TEST_BENCH_NAME                  ; JKFF_testbench                         ; --            ; --                    ; eda_simulation                    ;
; EDA_TEST_BENCH_NAME                  ; Counters_testbench                     ; --            ; --                    ; eda_simulation                    ;
; EDA_TEST_BENCH_NAME                  ; Clock_Divider_testbench                ; --            ; --                    ; eda_simulation                    ;
; EDA_TEST_BENCH_NAME                  ; Wrapper_Simulation                     ; --            ; --                    ; eda_simulation                    ;
; EDA_TEST_BENCH_NAME                  ; FSM_Testbench                          ; --            ; --                    ; eda_simulation                    ;
; EDA_TEST_BENCH_NAME                  ; Sequence_Detector_Testbench            ; --            ; --                    ; eda_simulation                    ;
; EDA_TEST_BENCH_NAME                  ; Wrapper2_Simulation                    ; --            ; --                    ; eda_simulation                    ;
; EDA_TIME_SCALE                       ; 1 ps                                   ; --            ; --                    ; eda_simulation                    ;
; MAX_CORE_JUNCTION_TEMP               ; 85                                     ; --            ; --                    ; --                                ;
; MIN_CORE_JUNCTION_TEMP               ; 0                                      ; --            ; --                    ; --                                ;
; PARTITION_COLOR                      ; -- (Not supported for targeted family) ; --            ; Antoine_Phan_Wrapper2 ; Top                               ;
; PARTITION_FITTER_PRESERVATION_LEVEL  ; -- (Not supported for targeted family) ; --            ; Antoine_Phan_Wrapper2 ; Top                               ;
; PARTITION_NETLIST_TYPE               ; -- (Not supported for targeted family) ; --            ; Antoine_Phan_Wrapper2 ; Top                               ;
; POWER_BOARD_THERMAL_MODEL            ; None (CONSERVATIVE)                    ; --            ; --                    ; --                                ;
; POWER_PRESET_COOLING_SOLUTION        ; 23 MM HEAT SINK WITH 200 LFPM AIRFLOW  ; --            ; --                    ; --                                ;
; PROJECT_OUTPUT_DIRECTORY             ; output_files                           ; --            ; --                    ; --                                ;
; TOP_LEVEL_ENTITY                     ; Antoine_Phan_Wrapper2                  ; WrapperDesign ; --                    ; --                                ;
+--------------------------------------+----------------------------------------+---------------+-----------------------+-----------------------------------+


+--------------------------------------------------------------------------------------------------------------------------+
; Flow Elapsed Time                                                                                                        ;
+----------------------+--------------+-------------------------+---------------------+------------------------------------+
; Module Name          ; Elapsed Time ; Average Processors Used ; Peak Virtual Memory ; Total CPU Time (on all processors) ;
+----------------------+--------------+-------------------------+---------------------+------------------------------------+
; Analysis & Synthesis ; 00:00:10     ; 1.0                     ; 4853 MB             ; 00:00:23                           ;
; Fitter               ; 00:00:37     ; 1.0                     ; 6612 MB             ; 00:01:14                           ;
; Assembler            ; 00:00:06     ; 1.0                     ; 4826 MB             ; 00:00:06                           ;
; Timing Analyzer      ; 00:00:04     ; 1.1                     ; 5132 MB             ; 00:00:05                           ;
; EDA Netlist Writer   ; 00:00:01     ; 1.0                     ; 4736 MB             ; 00:00:01                           ;
; Total                ; 00:00:58     ; --                      ; --                  ; 00:01:49                           ;
+----------------------+--------------+-------------------------+---------------------+------------------------------------+


+------------------------------------------------------------------------------------+
; Flow OS Summary                                                                    ;
+----------------------+------------------+------------+------------+----------------+
; Module Name          ; Machine Hostname ; OS Name    ; OS Version ; Processor type ;
+----------------------+------------------+------------+------------+----------------+
; Analysis & Synthesis ; AntoineWindows   ; Windows 10 ; 10.0       ; x86_64         ;
; Fitter               ; AntoineWindows   ; Windows 10 ; 10.0       ; x86_64         ;
; Assembler            ; AntoineWindows   ; Windows 10 ; 10.0       ; x86_64         ;
; Timing Analyzer      ; AntoineWindows   ; Windows 10 ; 10.0       ; x86_64         ;
; EDA Netlist Writer   ; AntoineWindows   ; Windows 10 ; 10.0       ; x86_64         ;
+----------------------+------------------+------------+------------+----------------+


------------
; Flow Log ;
------------
quartus_map --read_settings_files=on --write_settings_files=off VHDL6_Antoine_Phan -c WrapperDesign
quartus_fit --read_settings_files=off --write_settings_files=off VHDL6_Antoine_Phan -c WrapperDesign
quartus_asm --read_settings_files=off --write_settings_files=off VHDL6_Antoine_Phan -c WrapperDesign
quartus_sta VHDL6_Antoine_Phan -c WrapperDesign
quartus_eda --read_settings_files=off --write_settings_files=off VHDL6_Antoine_Phan -c WrapperDesign



